myapp 0.1.0

Maintained by: dev <dev@example.com>
