myapp 0.1.0

Service (1) Replicas Ports Image
----------- -------- ----- -----
web         1        80    nginx

Parameter (1) Value
------------- -----
web.port      80
